// Jest Snapshot v1, https://goo.gl/fbAQLP

exports[`component.Dropdown should render correctly 1`] = `
.c2 {
  font-size: m;
  text-align: left;
}

.c0 {
  display: -webkit-box;
  display: -webkit-flex;
  display: -ms-flexbox;
  display: flex;
  -webkit-flex-wrap: none;
  -ms-flex-wrap: none;
  flex-wrap: none;
  -webkit-flex-direction: column;
  -ms-flex-direction: column;
  flex-direction: column;
}

.c1 {
  margin: 0px;
  padding-left: 0px;
  padding-right: 0px;
  padding-top: 8px;
  padding-bottom: 8px;
  -webkit-appearance: none;
  -moz-appearance: none;
  appearance: none;
  display: inline-block;
  text-align: center;
  line-height: inherit;
  -webkit-text-decoration: none;
  text-decoration: none;
  border: none;
  outline: none;
  background: transparent;
  color: inherit;
  cursor: pointer;
}

<div
  className="c0"
  display="relative"
  onClick={[MockFunction]}
>
  <button
    className="c1"
    onClick={[Function]}
    type="button"
  >
    <div
      className="c2"
      fontSize="m"
    >
      BTC
       
      <svg
        fill="currentColor"
        height="1em"
        preserveAspectRatio="xMidYMid meet"
        style={
          Object {
            "color": undefined,
            "verticalAlign": "middle",
          }
        }
        viewBox="0 0 40 40"
        width="1em"
      >
        <g>
          <path
            d="m31 16.4q0 0.3-0.2 0.5l-10.4 10.4q-0.3 0.3-0.5 0.3t-0.6-0.3l-10.4-10.4q-0.2-0.2-0.2-0.5t0.2-0.5l1.2-1.1q0.2-0.2 0.5-0.2t0.5 0.2l8.8 8.8 8.7-8.8q0.3-0.2 0.5-0.2t0.6 0.2l1.1 1.1q0.2 0.2 0.2 0.5z"
          />
        </g>
      </svg>
    </div>
  </button>
</div>
`;
